{"btn-song-like-liked":"<path d=\"M15.724 4.22A4.313 4.313 0 0012.192.814a4.269 4.269 0 00-3.622 1.13.837.837 0 01-1.14 0 4.272 4.272 0 00-6.21 5.855l5.916 7.05a1.128 1.128 0 001.727 0l5.916-7.05a4.228 4.228 0 00.945-3.577z\"></path>","btn-song-play-playing":"<path d=\"M2.7 1a.7.7 0 00-.7.7v12.6a.7.7 0 00.7.7h2.6a.7.7 0 00.7-.7V1.7a.7.7 0 00-.7-.7H2.7zm8 0a.7.7 0 00-.7.7v12.6a.7.7 0 00.7.7h2.6a.7.7 0 00.7-.7V1.7a.7.7 0 00-.7-.7h-2.6z\"></path>","btn-song-shuffle-off":"<path d=\"M13.151.922a.75.75 0 10-1.06 1.06L13.109 3H11.16a3.75 3.75 0 00-2.873 1.34l-6.173 7.356A2.25 2.25 0 01.39 12.5H0V14h.391a3.75 3.75 0 002.873-1.34l6.173-7.356a2.25 2.25 0 011.724-.804h1.947l-1.017 1.018a.75.75 0 001.06 1.06L15.98 3.75 13.15.922zM.391 3.5H0V2h.391c1.109 0 2.16.49 2.873 1.34L4.89 5.277l-.979 1.167-1.796-2.14A2.25 2.25 0 00.39 3.5z\"></path><path d=\"M7.5 10.723l.98-1.167.957 1.14a2.25 2.25 0 001.724.804h1.947l-1.017-1.018a.75.75 0 111.06-1.06l2.829 2.828-2.829 2.828a.75.75 0 11-1.06-1.06L13.109 13H11.16a3.75 3.75 0 01-2.873-1.34l-.787-.938z\"></path>","btn-song-previous":"<path d=\"M3.3 1a.7.7 0 01.7.7v5.15l9.95-5.744a.7.7 0 011.05.606v12.575a.7.7 0 01-1.05.607L4 9.149V14.3a.7.7 0 01-.7.7H1.7a.7.7 0 01-.7-.7V1.7a.7.7 0 01.7-.7h1.6z\"></path>","btn-song-next":"<path d=\"M12.7 1a.7.7 0 00-.7.7v5.15L2.05 1.107A.7.7 0 001 1.712v12.575a.7.7 0 001.05.607L12 9.149V14.3a.7.7 0 00.7.7h1.6a.7.7 0 00.7-.7V1.7a.7.7 0 00-.7-.7h-1.6z\"></path>","btn-song-repeat-off":"<path d=\"M0 4.75A3.75 3.75 0 013.75 1h8.5A3.75 3.75 0 0116 4.75v5a3.75 3.75 0 01-3.75 3.75H9.81l1.018 1.018a.75.75 0 11-1.06 1.06L6.939 12.75l2.829-2.828a.75.75 0 111.06 1.06L9.811 12h2.439a2.25 2.25 0 002.25-2.25v-5a2.25 2.25 0 00-2.25-2.25h-8.5A2.25 2.25 0 001.5 4.75v5A2.25 2.25 0 003.75 12H5v1.5H3.75A3.75 3.75 0 010 9.75v-5z\"></path>","btn-song-like-unliked":"<path d=\"M1.69 2A4.582 4.582 0 018 2.023 4.583 4.583 0 0111.88.817h.002a4.618 4.618 0 013.782 3.65v.003a4.543 4.543 0 01-1.011 3.84L9.35 14.629a1.765 1.765 0 01-2.093.464 1.762 1.762 0 01-.605-.463L1.348 8.309A4.582 4.582 0 011.689 2zm3.158.252A3.082 3.082 0 002.49 7.337l.005.005L7.8 13.664a.264.264 0 00.311.069.262.262 0 00.09-.069l5.312-6.33a3.043 3.043 0 00.68-2.573 3.118 3.118 0 00-2.551-2.463 3.079 3.079 0 00-2.612.816l-.007.007a1.501 1.501 0 01-2.045 0l-.009-.008a3.082 3.082 0 00-2.121-.861z\"></path>","btn-song-shuffle-on":"<path d=\"M13.151.922a.75.75 0 10-1.06 1.06L13.109 3H11.16a3.75 3.75 0 00-2.873 1.34l-6.173 7.356A2.25 2.25 0 01.39 12.5H0V14h.391a3.75 3.75 0 002.873-1.34l6.173-7.356a2.25 2.25 0 011.724-.804h1.947l-1.017 1.018a.75.75 0 001.06 1.06L15.98 3.75 13.15.922zM.391 3.5H0V2h.391c1.109 0 2.16.49 2.873 1.34L4.89 5.277l-.979 1.167-1.796-2.14A2.25 2.25 0 00.39 3.5z\"></path><path d=\"M7.5 10.723l.98-1.167.957 1.14a2.25 2.25 0 001.724.804h1.947l-1.017-1.018a.75.75 0 111.06-1.06l2.829 2.828-2.829 2.828a.75.75 0 11-1.06-1.06L13.109 13H11.16a3.75 3.75 0 01-2.873-1.34l-.787-.938z\"></path>","btn-song-repeat-all":"<path d=\"M0 4.75A3.75 3.75 0 013.75 1h8.5A3.75 3.75 0 0116 4.75v5a3.75 3.75 0 01-3.75 3.75H9.81l1.018 1.018a.75.75 0 11-1.06 1.06L6.939 12.75l2.829-2.828a.75.75 0 111.06 1.06L9.811 12h2.439a2.25 2.25 0 002.25-2.25v-5a2.25 2.25 0 00-2.25-2.25h-8.5A2.25 2.25 0 001.5 4.75v5A2.25 2.25 0 003.75 12H5v1.5H3.75A3.75 3.75 0 010 9.75v-5z\"></path>","btn-song-repeat-once":"<path d=\"M0 4.75A3.75 3.75 0 013.75 1h.75v1.5h-.75A2.25 2.25 0 001.5 4.75v5A2.25 2.25 0 003.75 12H5v1.5H3.75A3.75 3.75 0 010 9.75v-5zM12.25 2.5h-.75V1h.75A3.75 3.75 0 0116 4.75v5a3.75 3.75 0 01-3.75 3.75H9.81l1.018 1.018a.75.75 0 11-1.06 1.06L6.939 12.75l2.829-2.828a.75.75 0 111.06 1.06L9.811 12h2.439a2.25 2.25 0 002.25-2.25v-5a2.25 2.25 0 00-2.25-2.25z\"></path><path d=\"M9.12 8V1H7.787c-.128.72-.76 1.293-1.787 1.313V3.36h1.57V8h1.55z\"></path>","btn-song-play-paused":"<path d=\"M3 1.713a.7.7 0 011.05-.607l10.89 6.288a.7.7 0 010 1.212L4.05 14.894A.7.7 0 013 14.288V1.713z\"></path>","btn-podcast-like-unliked":"<path d=\"M8 1.5a6.5 6.5 0 100 13 6.5 6.5 0 000-13zM0 8a8 8 0 1116 0A8 8 0 010 8z\"></path><path d=\"M11.75 8a.75.75 0 01-.75.75H8.75V11a.75.75 0 01-1.5 0V8.75H5a.75.75 0 010-1.5h2.25V5a.75.75 0 011.5 0v2.25H11a.75.75 0 01.75.75z\"></path>","btn-podcast-seed-backward":"<path d=\"M2.464 4.5h1.473a.75.75 0 110 1.5H0V2.063a.75.75 0 011.5 0v1.27a8.25 8.25 0 1110.539 12.554.75.75 0 01-.828-1.25A6.75 6.75 0 102.464 4.5z\"></path><path d=\"M.303 8.407c.79 0 1.214-.52 1.214-.907h1.5v8h-1.5V9.907H0v-1.5h.303zm4.832-.911h4.05v1.5H6.33l-.245 1.067c.256-.071.525-.11.804-.11 1.621 0 2.954 1.3 2.954 2.924C9.843 14.5 8.51 15.8 6.89 15.8a2.945 2.945 0 01-2.93-2.54l1.487-.197c.092.69.696 1.237 1.443 1.237.813 0 1.454-.647 1.454-1.423s-.64-1.423-1.454-1.423c-.49 0-.92.235-1.183.594l-.01.014-.206.254-1.314-.639.96-4.181z\"></path>","btn-podcast-seed-forward":"<path d=\"M13.536 4.5h-1.473a.75.75 0 100 1.5H16V2.063a.75.75 0 00-1.5 0v1.27A8.25 8.25 0 103.962 15.887a.75.75 0 10.827-1.25A6.75 6.75 0 1113.535 4.5z\"></path><path d=\"M6.303 8.407c.79 0 1.214-.52 1.214-.907h1.5v8h-1.5V9.907H6v-1.5h.303zm4.832-.911h4.05v1.5H12.33l-.245 1.067c.256-.071.525-.11.804-.11 1.621 0 2.954 1.3 2.954 2.924 0 1.624-1.333 2.923-2.954 2.923a2.945 2.945 0 01-2.93-2.54l1.487-.197c.092.69.696 1.237 1.443 1.237.813 0 1.454-.647 1.454-1.423s-.64-1.423-1.454-1.423c-.49 0-.92.235-1.183.594l-.01.014-.206.254-1.314-.639.96-4.181z\"></path>","btn-podcast-like-liked":"<path d=\"M0 8a8 8 0 1116 0A8 8 0 010 8zm11.748-1.97a.75.75 0 00-1.06-1.06l-4.47 4.47-1.405-1.406a.75.75 0 10-1.061 1.06l2.466 2.467 5.53-5.53z\"></path>"}